// Jest Snapshot v1, https://goo.gl/fbAQLP

exports[`it matches snapshot 1`] = `
<div
  class="bp3-ui-text bp3-dark container_ybok0l-o_O-container_agrn11"
>
  <div
    class="bp3-spinner bp3-intent-primary"
  >
    <div
      class="bp3-spinner-animation"
    >
      <svg
        height="100"
        stroke-width="4.00"
        viewBox="3.00 3.00 94.00 94.00"
        width="100"
      >
        <path
          class="bp3-spinner-track"
          d="M 50,50 m 0,-45 a 45,45 0 1 1 0,90 a 45,45 0 1 1 0,-90"
        >
          
        </path>
        <path
          class="bp3-spinner-head"
          d="M 50,50 m 0,-45 a 45,45 0 1 1 0,90 a 45,45 0 1 1 0,-90"
          pathLength="280"
          stroke-dasharray="280 280"
          stroke-dashoffset="210"
        >
          
        </path>
      </svg>
    </div>
  </div>
</div>
`;
