// Jest Snapshot v1, https://goo.gl/fbAQLP

exports[`it matches snapshot 1`] = `
<ApolloProvider
  client={
    DefaultClient {
      "cache": InMemoryCache {
        "addTypename": true,
        "config": Object {
          "addTypename": true,
          "dataIdFromObject": [Function],
          "fragmentMatcher": HeuristicFragmentMatcher {},
          "storeFactory": [Function],
        },
        "data": ObjectCache {
          "data": Object {
            "$ROOT_QUERY.user": Object {
              "__typename": "ClientUser",
              "color": "primary",
              "username": "User",
            },
            "ROOT_QUERY": Object {
              "user": Object {
                "generated": true,
                "id": "$ROOT_QUERY.user",
                "type": "id",
                "typename": "ClientUser",
              },
            },
          },
        },
        "optimistic": Array [],
        "silenceBroadcast": false,
        "typenameDocumentCache": WeakMap {},
        "watches": Array [],
      },
      "defaultOptions": Object {},
      "disableNetworkFetches": false,
      "link": ApolloLink {
        "request": [Function],
      },
      "mutate": [Function],
      "query": [Function],
      "queryDeduplication": true,
      "reFetchObservableQueries": [Function],
      "resetStore": [Function],
      "resetStoreCallbacks": Array [],
      "ssrMode": false,
      "store": DataStore {
        "cache": InMemoryCache {
          "addTypename": true,
          "config": Object {
            "addTypename": true,
            "dataIdFromObject": [Function],
            "fragmentMatcher": HeuristicFragmentMatcher {},
            "storeFactory": [Function],
          },
          "data": ObjectCache {
            "data": Object {
              "$ROOT_QUERY.user": Object {
                "__typename": "ClientUser",
                "color": "primary",
                "username": "User",
              },
              "ROOT_QUERY": Object {
                "user": Object {
                  "generated": true,
                  "id": "$ROOT_QUERY.user",
                  "type": "id",
                  "typename": "ClientUser",
                },
              },
            },
          },
          "optimistic": Array [],
          "silenceBroadcast": false,
          "typenameDocumentCache": WeakMap {},
          "watches": Array [],
        },
      },
      "version": "2.4.2",
      "watchQuery": [Function],
    }
  }
>
  <BrowserRouter>
    <Switch>
      <Route
        component={[Function]}
        exact={true}
        path="/"
      />
      <Route
        component={[Function]}
        path="/chat"
      />
      <Route
        component={[Function]}
        path="/loading"
      />
      <Redirect
        push={false}
        to="/"
      />
    </Switch>
  </BrowserRouter>
</ApolloProvider>
`;
